17-09-2026 16:26:26.453 [main] [-] INFO  inventory-service-c.c.e.i.InventoryServiceApplication.logStarting - Starting InventoryServiceApplication using Java 21.0.12.1 with PID 23272 (C:\Users\Dev-Harshit\Desktop\microservice1_eCommerce\inventory-service\target\classes started by Dev-Harshit in C:\Users\Dev-Harshit\Desktop\microservice1_eCommerce)
17-09-2026 16:26:26.455 [main] [-] INFO  inventory-service-c.c.e.i.InventoryServiceApplication.logStartupProfileInfo - No active profile set, falling back to 1 default profile: "default"
17-09-2026 16:26:26.499 [main] [-] INFO  inventory-service-o.s.c.c.c.ConfigServerConfigDataLoader.logTo - Fetching config from server at : http://localhost:8888
17-09-2026 16:26:26.500 [main] [-] INFO  inventory-service-o.s.c.c.c.ConfigServerConfigDataLoader.logTo - Located environment: name=inventory-service, profiles=[default], label=null, version=09e1f62dcd11a8b6b4131a722a84d0371649e056, state=
17-09-2026 16:26:27.435 [main] [-] INFO  inventory-service-o.s.d.r.c.RepositoryConfigurationDelegate.registerRepositoriesIn - Bootstrapping Spring Data JPA repositories in DEFAULT mode.
17-09-2026 16:26:27.557 [main] [-] INFO  inventory-service-o.s.d.r.c.RepositoryConfigurationDelegate.registerRepositoriesIn - Finished Spring Data repository scanning in 110 ms. Found 1 JPA repository interface.
17-09-2026 16:26:27.833 [main] [-] INFO  inventory-service-o.s.cloud.context.scope.GenericScope.setSerializationId - BeanFactory id=a277a5a6-1046-3084-9ddf-e4e1abde76e3
17-09-2026 16:26:28.160 [main] [-] WARN  inventory-service-o.s.c.s.PostProcessorRegistrationDelegate$BeanPostProcessorChecker.postProcessAfterInitialization - Bean 'org.springframework.cloud.client.loadbalancer.LoadBalancerAutoConfiguration$DeferringLoadBalancerInterceptorConfig' of type [org.springframework.cloud.client.loadbalancer.LoadBalancerAutoConfiguration$DeferringLoadBalancerInterceptorConfig] is not eligible for getting processed by all BeanPostProcessors (for example: not eligible for auto-proxying). The currently created BeanPostProcessor [lbRestClientPostProcessor] is declared through a non-static factory method on that class; consider declaring it as static instead.
17-09-2026 16:26:28.163 [main] [-] WARN  inventory-service-o.s.c.s.PostProcessorRegistrationDelegate$BeanPostProcessorChecker.postProcessAfterInitialization - Bean 'deferringLoadBalancerInterceptor' of type [org.springframework.cloud.client.loadbalancer.DeferringLoadBalancerInterceptor] is not eligible for getting processed by all BeanPostProcessors (for example: not eligible for auto-proxying). Is this bean getting eagerly injected into a currently created BeanPostProcessor [lbRestClientPostProcessor]? Check the corresponding BeanPostProcessor declaration and its dependencies.
17-09-2026 16:26:28.433 [main] [-] INFO  inventory-service-o.s.b.w.e.tomcat.TomcatWebServer.initialize - Tomcat initialized with port 9010 (http)
17-09-2026 16:26:28.445 [main] [-] INFO  inventory-service-o.a.coyote.http11.Http11NioProtocol.log - Initializing ProtocolHandler ["http-nio-9010"]
17-09-2026 16:26:28.449 [main] [-] INFO  inventory-service-o.a.catalina.core.StandardService.log - Starting service [Tomcat]
17-09-2026 16:26:28.449 [main] [-] INFO  inventory-service-o.a.catalina.core.StandardEngine.log - Starting Servlet engine: [Apache Tomcat/10.1.30]
17-09-2026 16:26:28.524 [main] [-] INFO  inventory-service-o.a.c.c.C.[.[localhost].[/inventory].log - Initializing Spring embedded WebApplicationContext
17-09-2026 16:26:28.524 [main] [-] INFO  inventory-service-o.s.b.w.s.c.ServletWebServerApplicationContext.prepareWebApplicationContext - Root WebApplicationContext: initialization completed in 2022 ms
17-09-2026 16:26:29.168 [main] [-] INFO  inventory-service-o.h.jpa.internal.util.LogHelper.logPersistenceUnitInformation - HHH000204: Processing PersistenceUnitInfo [name: default]
17-09-2026 16:26:29.248 [main] [-] INFO  inventory-service-org.hibernate.Version.logVersion - HHH000412: Hibernate ORM core version 6.5.3.Final
17-09-2026 16:26:29.282 [main] [-] INFO  inventory-service-o.h.c.i.RegionFactoryInitiator.initiateService - HHH000026: Second-level cache disabled
17-09-2026 16:26:29.557 [main] [-] INFO  inventory-service-o.s.o.j.p.SpringPersistenceUnitInfo.addTransformer - No LoadTimeWeaver setup: ignoring JPA class transformer
17-09-2026 16:26:29.584 [main] [-] INFO  inventory-service-com.zaxxer.hikari.HikariDataSource.getConnection - HikariPool-1 - Starting...
17-09-2026 16:26:29.764 [main] [-] INFO  inventory-service-com.zaxxer.hikari.pool.HikariPool.checkFailFast - HikariPool-1 - Added connection org.postgresql.jdbc.PgConnection@293ba26c
17-09-2026 16:26:29.766 [main] [-] INFO  inventory-service-com.zaxxer.hikari.HikariDataSource.getConnection - HikariPool-1 - Start completed.
17-09-2026 16:26:30.579 [main] [-] INFO  inventory-service-o.h.e.t.j.p.i.JtaPlatformInitiator.initiateService - HHH000489: No JTA platform available (set 'hibernate.transaction.jta.platform' to enable JTA platform integration)
17-09-2026 16:26:30.596 [main] [-] WARN  inventory-service-o.h.e.jdbc.spi.SqlExceptionHelper.logWarning - SQL Warning Code: 0, SQLState: 00000
17-09-2026 16:26:30.596 [main] [-] WARN  inventory-service-o.h.e.jdbc.spi.SqlExceptionHelper.logWarning - table "products" does not exist, skipping
17-09-2026 16:26:30.670 [main] [-] INFO  inventory-service-o.s.o.j.LocalContainerEntityManagerFactoryBean.buildNativeEntityManagerFactory - Initialized JPA EntityManagerFactory for persistence unit 'default'
17-09-2026 16:26:31.111 [main] [-] WARN  inventory-service-o.s.b.a.o.j.JpaBaseConfiguration$JpaWebConfiguration.openEntityManagerInViewInterceptor - spring.jpa.open-in-view is enabled by default. Therefore, database queries may be performed during view rendering. Explicitly configure spring.jpa.open-in-view to disable this warning
17-09-2026 16:26:31.191 [main] [-] INFO  inventory-service-o.s.c.o.FeignClientFactoryBean.getTarget - For 'order-service' URL not provided. Will try picking an instance via load-balancing.
17-09-2026 16:26:32.051 [main] [-] INFO  inventory-service-o.s.c.n.e.c.DiscoveryClientOptionalArgsConfiguration.restTemplateDiscoveryClientOptionalArgs - Eureka HTTP Client uses RestTemplate.
17-09-2026 16:26:32.097 [main] [-] WARN  inventory-service-o.s.c.l.c.LoadBalancerCacheAutoConfiguration$LoadBalancerCaffeineWarnLogger.afterPropertiesSet - Spring Cloud LoadBalancer is currently working with the default cache. While this cache implementation is useful for development and tests, it's recommended to use Caffeine cache in production.You can switch to using Caffeine cache, by adding it and org.springframework.cache.caffeine.CaffeineCacheManager to the classpath.
17-09-2026 16:26:32.121 [main] [-] INFO  inventory-service-o.s.b.a.e.web.EndpointLinksResolver.<init> - Exposing 17 endpoints beneath base path '/actuator'
17-09-2026 16:26:32.222 [main] [-] INFO  inventory-service-o.s.c.n.eureka.InstanceInfoFactory.create - Setting initial instance status as: STARTING
17-09-2026 16:26:32.253 [main] [-] INFO  inventory-service-c.netflix.discovery.DiscoveryClient.<init> - Initializing Eureka in region us-east-1
17-09-2026 16:26:32.260 [main] [-] INFO  inventory-service-c.n.d.s.r.aws.ConfigClusterResolver.getClusterEndpoints - Resolving eureka endpoints via configuration
17-09-2026 16:26:32.273 [main] [-] INFO  inventory-service-c.netflix.discovery.DiscoveryClient.fetchRegistry - Disable delta property : false
17-09-2026 16:26:32.273 [main] [-] INFO  inventory-service-c.netflix.discovery.DiscoveryClient.fetchRegistry - Single vip registry refresh property : null
17-09-2026 16:26:32.273 [main] [-] INFO  inventory-service-c.netflix.discovery.DiscoveryClient.fetchRegistry - Force full registry fetch : false
17-09-2026 16:26:32.273 [main] [-] INFO  inventory-service-c.netflix.discovery.DiscoveryClient.fetchRegistry - Application is null : false
17-09-2026 16:26:32.273 [main] [-] INFO  inventory-service-c.netflix.discovery.DiscoveryClient.fetchRegistry - Registered Applications size is zero : true
17-09-2026 16:26:32.273 [main] [-] INFO  inventory-service-c.netflix.discovery.DiscoveryClient.fetchRegistry - Application version is -1: true
17-09-2026 16:26:32.274 [main] [-] INFO  inventory-service-c.netflix.discovery.DiscoveryClient.getAndStoreFullRegistry - Getting all instance registry info from the eureka server
17-09-2026 16:26:32.439 [main] [-] INFO  inventory-service-c.netflix.discovery.DiscoveryClient.getAndStoreFullRegistry - The response status is 200
17-09-2026 16:26:32.447 [main] [-] INFO  inventory-service-c.netflix.discovery.DiscoveryClient.initScheduledTasks - Starting heartbeat executor: renew interval is: 30
17-09-2026 16:26:32.451 [main] [-] INFO  inventory-service-c.n.discovery.InstanceInfoReplicator.<init> - InstanceInfoReplicator onDemand update allowed rate per min is 4
17-09-2026 16:26:32.452 [main] [-] INFO  inventory-service-c.netflix.discovery.DiscoveryClient.<init> - Discovery Client initialized at timestamp 1789642592452 with initial instances count: 1
17-09-2026 16:26:32.459 [main] [-] INFO  inventory-service-o.s.c.n.e.s.EurekaServiceRegistry.register - Registering application INVENTORY-SERVICE with eureka with status UP
17-09-2026 16:26:32.459 [main] [-] INFO  inventory-service-c.netflix.discovery.DiscoveryClient.notify - Saw local status change event StatusChangeEvent [timestamp=1789642592459, current=UP, previous=STARTING]
17-09-2026 16:26:32.462 [DiscoveryClient-InstanceInfoReplicator-%d] [-] INFO  inventory-service-c.netflix.discovery.DiscoveryClient.register - DiscoveryClient_INVENTORY-SERVICE/192.168.2.65:inventory-service:9010: registering service...
17-09-2026 16:26:32.462 [main] [-] INFO  inventory-service-o.a.coyote.http11.Http11NioProtocol.log - Starting ProtocolHandler ["http-nio-9010"]
17-09-2026 16:26:32.480 [main] [-] INFO  inventory-service-o.s.b.w.e.tomcat.TomcatWebServer.start - Tomcat started on port 9010 (http) with context path '/inventory'
17-09-2026 16:26:32.481 [main] [-] INFO  inventory-service-o.s.c.n.e.s.EurekaAutoServiceRegistration.onApplicationEvent - Updating port to 9010
17-09-2026 16:26:32.499 [main] [-] INFO  inventory-service-c.c.e.i.InventoryServiceApplication.logStarted - Started InventoryServiceApplication in 8.801 seconds (process running for 9.226)
17-09-2026 16:26:32.506 [DiscoveryClient-InstanceInfoReplicator-%d] [-] INFO  inventory-service-c.netflix.discovery.DiscoveryClient.register - DiscoveryClient_INVENTORY-SERVICE/192.168.2.65:inventory-service:9010 - registration status: 204
17-09-2026 16:26:33.470 [AsyncReporter{ZipkinRestTemplateSender{http://localhost:9411/api/v2/spans}}] [-] WARN  inventory-service-z.r.i.AsyncReporter$BoundedAsyncReporter.flush - Spans were dropped due to exceptions. All subsequent errors will be logged at FINE level.
17-09-2026 16:26:33.470 [AsyncReporter{ZipkinRestTemplateSender{http://localhost:9411/api/v2/spans}}] [-] WARN  inventory-service-z.r.i.AsyncReporter$BoundedAsyncReporter.flush - Dropped 2 spans due to ResourceAccessException(I/O error on POST request for "http://localhost:9411/api/v2/spans": Connect to http://localhost:9411 [localhost/127.0.0.1, localhost/0:0:0:0:0:0:0:1] failed: Connection refused: getsockopt)
org.springframework.web.client.ResourceAccessException: I/O error on POST request for "http://localhost:9411/api/v2/spans": Connect to http://localhost:9411 [localhost/127.0.0.1, localhost/0:0:0:0:0:0:0:1] failed: Connection refused: getsockopt
	at org.springframework.web.client.RestTemplate.createResourceAccessException(RestTemplate.java:915)
	at org.springframework.web.client.RestTemplate.doExecute(RestTemplate.java:895)
	at org.springframework.web.client.RestTemplate.execute(RestTemplate.java:830)
	at org.springframework.web.client.RestTemplate.exchange(RestTemplate.java:691)
	at org.springframework.boot.actuate.autoconfigure.tracing.zipkin.ZipkinRestTemplateSender.postSpans(ZipkinRestTemplateSender.java:50)
	at org.springframework.boot.actuate.autoconfigure.tracing.zipkin.HttpSender.postSpans(HttpSender.java:69)
	at org.springframework.boot.actuate.autoconfigure.tracing.zipkin.HttpSender.postSpans(HttpSender.java:41)
	at zipkin2.reporter.BaseHttpSender.send(BaseHttpSender.java:123)
	at zipkin2.reporter.internal.AsyncReporter$BoundedAsyncReporter.flush(AsyncReporter.java:266)
	at zipkin2.reporter.internal.AsyncReporter$Flusher.run(AsyncReporter.java:352)
	at java.base/java.lang.Thread.run(Thread.java:1583)
Caused by: org.apache.hc.client5.http.HttpHostConnectException: Connect to http://localhost:9411 [localhost/127.0.0.1, localhost/0:0:0:0:0:0:0:1] failed: Connection refused: getsockopt
	at java.base/sun.nio.ch.Net.pollConnect(Native Method)
	at java.base/sun.nio.ch.Net.pollConnectNow(Net.java:694)
	at java.base/sun.nio.ch.NioSocketImpl.timedFinishConnect(NioSocketImpl.java:542)
	at java.base/sun.nio.ch.NioSocketImpl.connect(NioSocketImpl.java:592)
	at java.base/java.net.SocksSocketImpl.connect(SocksSocketImpl.java:327)
	at java.base/java.net.Socket.connect(Socket.java:751)
	at org.apache.hc.client5.http.socket.PlainConnectionSocketFactory.lambda$connectSocket$0(PlainConnectionSocketFactory.java:91)
	at java.base/java.security.AccessController.doPrivileged(AccessController.java:571)
	at org.apache.hc.client5.http.socket.PlainConnectionSocketFactory.connectSocket(PlainConnectionSocketFactory.java:90)
	at org.apache.hc.client5.http.socket.ConnectionSocketFactory.connectSocket(ConnectionSocketFactory.java:123)
	at org.apache.hc.client5.http.impl.io.DefaultHttpClientConnectionOperator.connect(DefaultHttpClientConnectionOperator.java:189)
	at org.apache.hc.client5.http.impl.io.PoolingHttpClientConnectionManager.connect(PoolingHttpClientConnectionManager.java:450)
	at org.apache.hc.client5.http.impl.classic.InternalExecRuntime.connectEndpoint(InternalExecRuntime.java:162)
	at org.apache.hc.client5.http.impl.classic.InternalExecRuntime.connectEndpoint(InternalExecRuntime.java:172)
	at org.apache.hc.client5.http.impl.classic.ConnectExec.execute(ConnectExec.java:142)
	at org.apache.hc.client5.http.impl.classic.ExecChainElement.execute(ExecChainElement.java:51)
	at org.apache.hc.client5.http.impl.classic.ProtocolExec.execute(ProtocolExec.java:192)
	at org.apache.hc.client5.http.impl.classic.ExecChainElement.execute(ExecChainElement.java:51)
	at org.apache.hc.client5.http.impl.classic.HttpRequestRetryExec.execute(HttpRequestRetryExec.java:113)
	at org.apache.hc.client5.http.impl.classic.ExecChainElement.execute(ExecChainElement.java:51)
	at org.apache.hc.client5.http.impl.classic.ContentCompressionExec.execute(ContentCompressionExec.java:152)
	at org.apache.hc.client5.http.impl.classic.ExecChainElement.execute(ExecChainElement.java:51)
	at org.apache.hc.client5.http.impl.classic.RedirectExec.execute(RedirectExec.java:116)
	at org.apache.hc.client5.http.impl.classic.ExecChainElement.execute(ExecChainElement.java:51)
	at org.apache.hc.client5.http.impl.classic.InternalHttpClient.doExecute(InternalHttpClient.java:170)
	at org.apache.hc.client5.http.impl.classic.CloseableHttpClient.execute(CloseableHttpClient.java:87)
	at org.apache.hc.client5.http.impl.classic.CloseableHttpClient.execute(CloseableHttpClient.java:55)
	at org.apache.hc.client5.http.classic.HttpClient.executeOpen(HttpClient.java:183)
	at org.springframework.http.client.HttpComponentsClientHttpRequest.executeInternal(HttpComponentsClientHttpRequest.java:99)
	at org.springframework.http.client.AbstractStreamingClientHttpRequest.executeInternal(AbstractStreamingClientHttpRequest.java:70)
	at org.springframework.http.client.AbstractClientHttpRequest.execute(AbstractClientHttpRequest.java:66)
	at org.springframework.web.client.RestTemplate.doExecute(RestTemplate.java:889)
	... 9 common frames omitted
17-09-2026 16:27:46.359 [SpringApplicationShutdownHook] [-] INFO  inventory-service-o.s.c.n.e.s.EurekaServiceRegistry.deregister - Unregistering application INVENTORY-SERVICE with eureka with status DOWN
17-09-2026 16:27:46.359 [SpringApplicationShutdownHook] [-] INFO  inventory-service-c.netflix.discovery.DiscoveryClient.notify - Saw local status change event StatusChangeEvent [timestamp=1789642666359, current=DOWN, previous=UP]
17-09-2026 16:27:46.360 [DiscoveryClient-InstanceInfoReplicator-%d] [-] INFO  inventory-service-c.netflix.discovery.DiscoveryClient.register - DiscoveryClient_INVENTORY-SERVICE/192.168.2.65:inventory-service:9010: registering service...
17-09-2026 16:27:46.371 [DiscoveryClient-InstanceInfoReplicator-%d] [-] INFO  inventory-service-c.netflix.discovery.DiscoveryClient.register - DiscoveryClient_INVENTORY-SERVICE/192.168.2.65:inventory-service:9010 - registration status: 204
17-09-2026 16:27:46.373 [SpringApplicationShutdownHook] [-] INFO  inventory-service-o.s.o.j.LocalContainerEntityManagerFactoryBean.destroy - Closing JPA EntityManagerFactory for persistence unit 'default'
17-09-2026 16:27:46.381 [SpringApplicationShutdownHook] [-] INFO  inventory-service-com.zaxxer.hikari.HikariDataSource.close - HikariPool-1 - Shutdown initiated...
17-09-2026 16:27:46.386 [SpringApplicationShutdownHook] [-] INFO  inventory-service-com.zaxxer.hikari.HikariDataSource.close - HikariPool-1 - Shutdown completed.
17-09-2026 16:27:47.302 [SpringApplicationShutdownHook] [-] INFO  inventory-service-c.netflix.discovery.DiscoveryClient.shutdown - Shutting down DiscoveryClient ...
17-09-2026 16:27:50.309 [SpringApplicationShutdownHook] [-] INFO  inventory-service-c.netflix.discovery.DiscoveryClient.unregister - Unregistering ...
17-09-2026 16:27:50.329 [SpringApplicationShutdownHook] [-] INFO  inventory-service-c.netflix.discovery.DiscoveryClient.unregister - DiscoveryClient_INVENTORY-SERVICE/192.168.2.65:inventory-service:9010 - deregister  status: 200
17-09-2026 16:27:50.329 [SpringApplicationShutdownHook] [-] INFO  inventory-service-c.netflix.discovery.DiscoveryClient.shutdown - Completed shut down of DiscoveryClient
17-09-2026 16:27:54.233 [main] [-] INFO  inventory-service-c.c.e.i.InventoryServiceApplication.logStarting - Starting InventoryServiceApplication using Java 21.0.12.1 with PID 22596 (C:\Users\Dev-Harshit\Desktop\microservice1_eCommerce\inventory-service\target\classes started by Dev-Harshit in C:\Users\Dev-Harshit\Desktop\microservice1_eCommerce)
17-09-2026 16:27:54.236 [main] [-] INFO  inventory-service-c.c.e.i.InventoryServiceApplication.logStartupProfileInfo - No active profile set, falling back to 1 default profile: "default"
17-09-2026 16:27:54.286 [main] [-] INFO  inventory-service-o.s.c.c.c.ConfigServerConfigDataLoader.logTo - Fetching config from server at : http://localhost:8888
17-09-2026 16:27:54.287 [main] [-] INFO  inventory-service-o.s.c.c.c.ConfigServerConfigDataLoader.logTo - Located environment: name=inventory-service, profiles=[default], label=null, version=09e1f62dcd11a8b6b4131a722a84d0371649e056, state=
17-09-2026 16:27:55.175 [main] [-] INFO  inventory-service-o.s.d.r.c.RepositoryConfigurationDelegate.registerRepositoriesIn - Bootstrapping Spring Data JPA repositories in DEFAULT mode.
17-09-2026 16:27:55.303 [main] [-] INFO  inventory-service-o.s.d.r.c.RepositoryConfigurationDelegate.registerRepositoriesIn - Finished Spring Data repository scanning in 122 ms. Found 1 JPA repository interface.
17-09-2026 16:27:55.551 [main] [-] INFO  inventory-service-o.s.cloud.context.scope.GenericScope.setSerializationId - BeanFactory id=a277a5a6-1046-3084-9ddf-e4e1abde76e3
17-09-2026 16:27:55.855 [main] [-] WARN  inventory-service-o.s.c.s.PostProcessorRegistrationDelegate$BeanPostProcessorChecker.postProcessAfterInitialization - Bean 'org.springframework.cloud.client.loadbalancer.LoadBalancerAutoConfiguration$DeferringLoadBalancerInterceptorConfig' of type [org.springframework.cloud.client.loadbalancer.LoadBalancerAutoConfiguration$DeferringLoadBalancerInterceptorConfig] is not eligible for getting processed by all BeanPostProcessors (for example: not eligible for auto-proxying). The currently created BeanPostProcessor [lbRestClientPostProcessor] is declared through a non-static factory method on that class; consider declaring it as static instead.
17-09-2026 16:27:55.858 [main] [-] WARN  inventory-service-o.s.c.s.PostProcessorRegistrationDelegate$BeanPostProcessorChecker.postProcessAfterInitialization - Bean 'deferringLoadBalancerInterceptor' of type [org.springframework.cloud.client.loadbalancer.DeferringLoadBalancerInterceptor] is not eligible for getting processed by all BeanPostProcessors (for example: not eligible for auto-proxying). Is this bean getting eagerly injected into a currently created BeanPostProcessor [lbRestClientPostProcessor]? Check the corresponding BeanPostProcessor declaration and its dependencies.
17-09-2026 16:27:56.144 [main] [-] INFO  inventory-service-o.s.b.w.e.tomcat.TomcatWebServer.initialize - Tomcat initialized with port 9010 (http)
17-09-2026 16:27:56.153 [main] [-] INFO  inventory-service-o.a.coyote.http11.Http11NioProtocol.log - Initializing ProtocolHandler ["http-nio-9010"]
17-09-2026 16:27:56.156 [main] [-] INFO  inventory-service-o.a.catalina.core.StandardService.log - Starting service [Tomcat]
17-09-2026 16:27:56.156 [main] [-] INFO  inventory-service-o.a.catalina.core.StandardEngine.log - Starting Servlet engine: [Apache Tomcat/10.1.30]
17-09-2026 16:27:56.218 [main] [-] INFO  inventory-service-o.a.c.c.C.[.[localhost].[/inventory].log - Initializing Spring embedded WebApplicationContext
17-09-2026 16:27:56.219 [main] [-] INFO  inventory-service-o.s.b.w.s.c.ServletWebServerApplicationContext.prepareWebApplicationContext - Root WebApplicationContext: initialization completed in 1931 ms
17-09-2026 16:27:56.866 [main] [-] INFO  inventory-service-o.h.jpa.internal.util.LogHelper.logPersistenceUnitInformation - HHH000204: Processing PersistenceUnitInfo [name: default]
17-09-2026 16:27:56.947 [main] [-] INFO  inventory-service-org.hibernate.Version.logVersion - HHH000412: Hibernate ORM core version 6.5.3.Final
17-09-2026 16:27:56.982 [main] [-] INFO  inventory-service-o.h.c.i.RegionFactoryInitiator.initiateService - HHH000026: Second-level cache disabled
17-09-2026 16:27:57.273 [main] [-] INFO  inventory-service-o.s.o.j.p.SpringPersistenceUnitInfo.addTransformer - No LoadTimeWeaver setup: ignoring JPA class transformer
17-09-2026 16:27:57.296 [main] [-] INFO  inventory-service-com.zaxxer.hikari.HikariDataSource.getConnection - HikariPool-1 - Starting...
17-09-2026 16:27:57.430 [main] [-] INFO  inventory-service-com.zaxxer.hikari.pool.HikariPool.checkFailFast - HikariPool-1 - Added connection org.postgresql.jdbc.PgConnection@73e63b4d
17-09-2026 16:27:57.431 [main] [-] INFO  inventory-service-com.zaxxer.hikari.HikariDataSource.getConnection - HikariPool-1 - Start completed.
17-09-2026 16:27:58.161 [main] [-] INFO  inventory-service-o.h.e.t.j.p.i.JtaPlatformInitiator.initiateService - HHH000489: No JTA platform available (set 'hibernate.transaction.jta.platform' to enable JTA platform integration)
17-09-2026 16:27:58.176 [main] [-] WARN  inventory-service-o.h.e.jdbc.spi.SqlExceptionHelper.logWarning - SQL Warning Code: 0, SQLState: 00000
17-09-2026 16:27:58.177 [main] [-] WARN  inventory-service-o.h.e.jdbc.spi.SqlExceptionHelper.logWarning - table "products" does not exist, skipping
17-09-2026 16:27:58.205 [main] [-] INFO  inventory-service-o.s.o.j.LocalContainerEntityManagerFactoryBean.buildNativeEntityManagerFactory - Initialized JPA EntityManagerFactory for persistence unit 'default'
17-09-2026 16:27:58.677 [main] [-] WARN  inventory-service-o.s.b.a.o.j.JpaBaseConfiguration$JpaWebConfiguration.openEntityManagerInViewInterceptor - spring.jpa.open-in-view is enabled by default. Therefore, database queries may be performed during view rendering. Explicitly configure spring.jpa.open-in-view to disable this warning
17-09-2026 16:27:58.756 [main] [-] INFO  inventory-service-o.s.c.o.FeignClientFactoryBean.getTarget - For 'order-service' URL not provided. Will try picking an instance via load-balancing.
17-09-2026 16:27:59.553 [main] [-] INFO  inventory-service-o.s.c.n.e.c.DiscoveryClientOptionalArgsConfiguration.restTemplateDiscoveryClientOptionalArgs - Eureka HTTP Client uses RestTemplate.
17-09-2026 16:27:59.590 [main] [-] WARN  inventory-service-o.s.c.l.c.LoadBalancerCacheAutoConfiguration$LoadBalancerCaffeineWarnLogger.afterPropertiesSet - Spring Cloud LoadBalancer is currently working with the default cache. While this cache implementation is useful for development and tests, it's recommended to use Caffeine cache in production.You can switch to using Caffeine cache, by adding it and org.springframework.cache.caffeine.CaffeineCacheManager to the classpath.
17-09-2026 16:27:59.608 [main] [-] INFO  inventory-service-o.s.b.a.e.web.EndpointLinksResolver.<init> - Exposing 17 endpoints beneath base path '/actuator'
17-09-2026 16:27:59.675 [main] [-] INFO  inventory-service-o.s.c.n.eureka.InstanceInfoFactory.create - Setting initial instance status as: STARTING
17-09-2026 16:27:59.699 [main] [-] INFO  inventory-service-c.netflix.discovery.DiscoveryClient.<init> - Initializing Eureka in region us-east-1
17-09-2026 16:27:59.703 [main] [-] INFO  inventory-service-c.n.d.s.r.aws.ConfigClusterResolver.getClusterEndpoints - Resolving eureka endpoints via configuration
17-09-2026 16:27:59.711 [main] [-] INFO  inventory-service-c.netflix.discovery.DiscoveryClient.fetchRegistry - Disable delta property : false
17-09-2026 16:27:59.711 [main] [-] INFO  inventory-service-c.netflix.discovery.DiscoveryClient.fetchRegistry - Single vip registry refresh property : null
17-09-2026 16:27:59.711 [main] [-] INFO  inventory-service-c.netflix.discovery.DiscoveryClient.fetchRegistry - Force full registry fetch : false
17-09-2026 16:27:59.711 [main] [-] INFO  inventory-service-c.netflix.discovery.DiscoveryClient.fetchRegistry - Application is null : false
17-09-2026 16:27:59.711 [main] [-] INFO  inventory-service-c.netflix.discovery.DiscoveryClient.fetchRegistry - Registered Applications size is zero : true
17-09-2026 16:27:59.711 [main] [-] INFO  inventory-service-c.netflix.discovery.DiscoveryClient.fetchRegistry - Application version is -1: true
17-09-2026 16:27:59.712 [main] [-] INFO  inventory-service-c.netflix.discovery.DiscoveryClient.getAndStoreFullRegistry - Getting all instance registry info from the eureka server
17-09-2026 16:27:59.851 [main] [-] INFO  inventory-service-c.netflix.discovery.DiscoveryClient.getAndStoreFullRegistry - The response status is 200
17-09-2026 16:27:59.853 [main] [-] INFO  inventory-service-c.netflix.discovery.DiscoveryClient.initScheduledTasks - Starting heartbeat executor: renew interval is: 30
17-09-2026 16:27:59.855 [main] [-] INFO  inventory-service-c.n.discovery.InstanceInfoReplicator.<init> - InstanceInfoReplicator onDemand update allowed rate per min is 4
17-09-2026 16:27:59.856 [main] [-] INFO  inventory-service-c.netflix.discovery.DiscoveryClient.<init> - Discovery Client initialized at timestamp 1789642679856 with initial instances count: 2
17-09-2026 16:27:59.868 [main] [-] INFO  inventory-service-o.s.c.n.e.s.EurekaServiceRegistry.register - Registering application INVENTORY-SERVICE with eureka with status UP
17-09-2026 16:27:59.869 [main] [-] INFO  inventory-service-c.netflix.discovery.DiscoveryClient.notify - Saw local status change event StatusChangeEvent [timestamp=1789642679869, current=UP, previous=STARTING]
17-09-2026 16:27:59.872 [DiscoveryClient-InstanceInfoReplicator-%d] [-] INFO  inventory-service-c.netflix.discovery.DiscoveryClient.register - DiscoveryClient_INVENTORY-SERVICE/192.168.2.65:inventory-service:9010: registering service...
17-09-2026 16:27:59.872 [main] [-] INFO  inventory-service-o.a.coyote.http11.Http11NioProtocol.log - Starting ProtocolHandler ["http-nio-9010"]
17-09-2026 16:27:59.895 [main] [-] INFO  inventory-service-o.s.b.w.e.tomcat.TomcatWebServer.start - Tomcat started on port 9010 (http) with context path '/inventory'
17-09-2026 16:27:59.897 [main] [-] INFO  inventory-service-o.s.c.n.e.s.EurekaAutoServiceRegistration.onApplicationEvent - Updating port to 9010
17-09-2026 16:27:59.914 [main] [-] INFO  inventory-service-c.c.e.i.InventoryServiceApplication.logStarted - Started InventoryServiceApplication in 8.258 seconds (process running for 8.766)
17-09-2026 16:27:59.918 [DiscoveryClient-InstanceInfoReplicator-%d] [-] INFO  inventory-service-c.netflix.discovery.DiscoveryClient.register - DiscoveryClient_INVENTORY-SERVICE/192.168.2.65:inventory-service:9010 - registration status: 204
17-09-2026 16:32:59.715 [AsyncResolver-bootstrap-executor-%d] [-] INFO  inventory-service-c.n.d.s.r.aws.ConfigClusterResolver.getClusterEndpoints - Resolving eureka endpoints via configuration
17-09-2026 16:37:59.731 [AsyncResolver-bootstrap-executor-%d] [-] INFO  inventory-service-c.n.d.s.r.aws.ConfigClusterResolver.getClusterEndpoints - Resolving eureka endpoints via configuration
17-09-2026 16:42:59.742 [AsyncResolver-bootstrap-executor-%d] [-] INFO  inventory-service-c.n.d.s.r.aws.ConfigClusterResolver.getClusterEndpoints - Resolving eureka endpoints via configuration
17-09-2026 16:47:59.746 [AsyncResolver-bootstrap-executor-%d] [-] INFO  inventory-service-c.n.d.s.r.aws.ConfigClusterResolver.getClusterEndpoints - Resolving eureka endpoints via configuration
17-09-2026 16:52:59.753 [AsyncResolver-bootstrap-executor-%d] [-] INFO  inventory-service-c.n.d.s.r.aws.ConfigClusterResolver.getClusterEndpoints - Resolving eureka endpoints via configuration
17-09-2026 16:57:59.761 [AsyncResolver-bootstrap-executor-%d] [-] INFO  inventory-service-c.n.d.s.r.aws.ConfigClusterResolver.getClusterEndpoints - Resolving eureka endpoints via configuration
17-09-2026 17:02:59.771 [AsyncResolver-bootstrap-executor-%d] [-] INFO  inventory-service-c.n.d.s.r.aws.ConfigClusterResolver.getClusterEndpoints - Resolving eureka endpoints via configuration
17-09-2026 17:07:59.772 [AsyncResolver-bootstrap-executor-%d] [-] INFO  inventory-service-c.n.d.s.r.aws.ConfigClusterResolver.getClusterEndpoints - Resolving eureka endpoints via configuration
17-09-2026 17:12:59.784 [AsyncResolver-bootstrap-executor-%d] [-] INFO  inventory-service-c.n.d.s.r.aws.ConfigClusterResolver.getClusterEndpoints - Resolving eureka endpoints via configuration
17-09-2026 17:17:59.793 [AsyncResolver-bootstrap-executor-%d] [-] INFO  inventory-service-c.n.d.s.r.aws.ConfigClusterResolver.getClusterEndpoints - Resolving eureka endpoints via configuration
17-09-2026 17:22:59.799 [AsyncResolver-bootstrap-executor-%d] [-] INFO  inventory-service-c.n.d.s.r.aws.ConfigClusterResolver.getClusterEndpoints - Resolving eureka endpoints via configuration
17-09-2026 17:27:59.805 [AsyncResolver-bootstrap-executor-%d] [-] INFO  inventory-service-c.n.d.s.r.aws.ConfigClusterResolver.getClusterEndpoints - Resolving eureka endpoints via configuration
17-09-2026 17:32:59.812 [AsyncResolver-bootstrap-executor-%d] [-] INFO  inventory-service-c.n.d.s.r.aws.ConfigClusterResolver.getClusterEndpoints - Resolving eureka endpoints via configuration
17-09-2026 17:37:59.828 [AsyncResolver-bootstrap-executor-%d] [-] INFO  inventory-service-c.n.d.s.r.aws.ConfigClusterResolver.getClusterEndpoints - Resolving eureka endpoints via configuration
17-09-2026 17:40:20.464 [http-nio-9010-exec-1] [-] INFO  inventory-service-o.a.c.c.C.[.[localhost].[/inventory].log - Initializing Spring DispatcherServlet 'dispatcherServlet'
17-09-2026 17:40:20.465 [http-nio-9010-exec-1] [-] INFO  inventory-service-o.s.web.servlet.DispatcherServlet.initServletBean - Initializing Servlet 'dispatcherServlet'
17-09-2026 17:40:20.522 [http-nio-9010-exec-1] [-] INFO  inventory-service-o.s.web.servlet.DispatcherServlet.initServletBean - Completed initialization in 55 ms
17-09-2026 17:40:20.673 [http-nio-9010-exec-1] [6aabd8a97693219da3677220c1a7dbcd-a234abeda0168dfa] INFO  inventory-service-c.c.e.i.service.ProductService.reduceStocks - Reducing the stocks
17-09-2026 17:42:59.835 [AsyncResolver-bootstrap-executor-%d] [-] INFO  inventory-service-c.n.d.s.r.aws.ConfigClusterResolver.getClusterEndpoints - Resolving eureka endpoints via configuration
17-09-2026 17:47:59.849 [AsyncResolver-bootstrap-executor-%d] [-] INFO  inventory-service-c.n.d.s.r.aws.ConfigClusterResolver.getClusterEndpoints - Resolving eureka endpoints via configuration
17-09-2026 17:52:59.852 [AsyncResolver-bootstrap-executor-%d] [-] INFO  inventory-service-c.n.d.s.r.aws.ConfigClusterResolver.getClusterEndpoints - Resolving eureka endpoints via configuration
17-09-2026 17:54:04.968 [AsyncReporter{ZipkinRestTemplateSender{http://localhost:9411/api/v2/spans}}] [-] WARN  inventory-service-z.r.i.AsyncReporter$BoundedAsyncReporter.flush - Spans were dropped due to exceptions. All subsequent errors will be logged at FINE level.
17-09-2026 17:54:04.969 [AsyncReporter{ZipkinRestTemplateSender{http://localhost:9411/api/v2/spans}}] [-] WARN  inventory-service-z.r.i.AsyncReporter$BoundedAsyncReporter.flush - Dropped 2 spans due to ResourceAccessException(I/O error on POST request for "http://localhost:9411/api/v2/spans": Connect to http://localhost:9411 [localhost/127.0.0.1, localhost/0:0:0:0:0:0:0:1] failed: Connection refused: getsockopt)
org.springframework.web.client.ResourceAccessException: I/O error on POST request for "http://localhost:9411/api/v2/spans": Connect to http://localhost:9411 [localhost/127.0.0.1, localhost/0:0:0:0:0:0:0:1] failed: Connection refused: getsockopt
	at org.springframework.web.client.RestTemplate.createResourceAccessException(RestTemplate.java:915)
	at org.springframework.web.client.RestTemplate.doExecute(RestTemplate.java:895)
	at org.springframework.web.client.RestTemplate.execute(RestTemplate.java:830)
	at org.springframework.web.client.RestTemplate.exchange(RestTemplate.java:691)
	at org.springframework.boot.actuate.autoconfigure.tracing.zipkin.ZipkinRestTemplateSender.postSpans(ZipkinRestTemplateSender.java:50)
	at org.springframework.boot.actuate.autoconfigure.tracing.zipkin.HttpSender.postSpans(HttpSender.java:69)
	at org.springframework.boot.actuate.autoconfigure.tracing.zipkin.HttpSender.postSpans(HttpSender.java:41)
	at zipkin2.reporter.BaseHttpSender.send(BaseHttpSender.java:123)
	at zipkin2.reporter.internal.AsyncReporter$BoundedAsyncReporter.flush(AsyncReporter.java:266)
	at zipkin2.reporter.internal.AsyncReporter$Flusher.run(AsyncReporter.java:352)
	at java.base/java.lang.Thread.run(Thread.java:1583)
Caused by: org.apache.hc.client5.http.HttpHostConnectException: Connect to http://localhost:9411 [localhost/127.0.0.1, localhost/0:0:0:0:0:0:0:1] failed: Connection refused: getsockopt
	at java.base/sun.nio.ch.Net.pollConnect(Native Method)
	at java.base/sun.nio.ch.Net.pollConnectNow(Net.java:694)
	at java.base/sun.nio.ch.NioSocketImpl.timedFinishConnect(NioSocketImpl.java:542)
	at java.base/sun.nio.ch.NioSocketImpl.connect(NioSocketImpl.java:592)
	at java.base/java.net.SocksSocketImpl.connect(SocksSocketImpl.java:327)
	at java.base/java.net.Socket.connect(Socket.java:751)
	at org.apache.hc.client5.http.socket.PlainConnectionSocketFactory.lambda$connectSocket$0(PlainConnectionSocketFactory.java:91)
	at java.base/java.security.AccessController.doPrivileged(AccessController.java:571)
	at org.apache.hc.client5.http.socket.PlainConnectionSocketFactory.connectSocket(PlainConnectionSocketFactory.java:90)
	at org.apache.hc.client5.http.socket.ConnectionSocketFactory.connectSocket(ConnectionSocketFactory.java:123)
	at org.apache.hc.client5.http.impl.io.DefaultHttpClientConnectionOperator.connect(DefaultHttpClientConnectionOperator.java:189)
	at org.apache.hc.client5.http.impl.io.PoolingHttpClientConnectionManager.connect(PoolingHttpClientConnectionManager.java:450)
	at org.apache.hc.client5.http.impl.classic.InternalExecRuntime.connectEndpoint(InternalExecRuntime.java:162)
	at org.apache.hc.client5.http.impl.classic.InternalExecRuntime.connectEndpoint(InternalExecRuntime.java:172)
	at org.apache.hc.client5.http.impl.classic.ConnectExec.execute(ConnectExec.java:142)
	at org.apache.hc.client5.http.impl.classic.ExecChainElement.execute(ExecChainElement.java:51)
	at org.apache.hc.client5.http.impl.classic.ProtocolExec.execute(ProtocolExec.java:192)
	at org.apache.hc.client5.http.impl.classic.ExecChainElement.execute(ExecChainElement.java:51)
	at org.apache.hc.client5.http.impl.classic.HttpRequestRetryExec.execute(HttpRequestRetryExec.java:113)
	at org.apache.hc.client5.http.impl.classic.ExecChainElement.execute(ExecChainElement.java:51)
	at org.apache.hc.client5.http.impl.classic.ContentCompressionExec.execute(ContentCompressionExec.java:152)
	at org.apache.hc.client5.http.impl.classic.ExecChainElement.execute(ExecChainElement.java:51)
	at org.apache.hc.client5.http.impl.classic.RedirectExec.execute(RedirectExec.java:116)
	at org.apache.hc.client5.http.impl.classic.ExecChainElement.execute(ExecChainElement.java:51)
	at org.apache.hc.client5.http.impl.classic.InternalHttpClient.doExecute(InternalHttpClient.java:170)
	at org.apache.hc.client5.http.impl.classic.CloseableHttpClient.execute(CloseableHttpClient.java:87)
	at org.apache.hc.client5.http.impl.classic.CloseableHttpClient.execute(CloseableHttpClient.java:55)
	at org.apache.hc.client5.http.classic.HttpClient.executeOpen(HttpClient.java:183)
	at org.springframework.http.client.HttpComponentsClientHttpRequest.executeInternal(HttpComponentsClientHttpRequest.java:99)
	at org.springframework.http.client.AbstractStreamingClientHttpRequest.executeInternal(AbstractStreamingClientHttpRequest.java:70)
	at org.springframework.http.client.AbstractClientHttpRequest.execute(AbstractClientHttpRequest.java:66)
	at org.springframework.web.client.RestTemplate.doExecute(RestTemplate.java:889)
	... 9 common frames omitted
17-09-2026 17:54:08.354 [SpringApplicationShutdownHook] [-] INFO  inventory-service-o.s.c.n.e.s.EurekaServiceRegistry.deregister - Unregistering application INVENTORY-SERVICE with eureka with status DOWN
17-09-2026 17:54:08.356 [SpringApplicationShutdownHook] [-] INFO  inventory-service-c.netflix.discovery.DiscoveryClient.notify - Saw local status change event StatusChangeEvent [timestamp=1789647848356, current=DOWN, previous=UP]
17-09-2026 17:54:08.358 [DiscoveryClient-InstanceInfoReplicator-%d] [-] INFO  inventory-service-c.netflix.discovery.DiscoveryClient.register - DiscoveryClient_INVENTORY-SERVICE/192.168.2.65:inventory-service:9010: registering service...
17-09-2026 17:54:08.398 [DiscoveryClient-InstanceInfoReplicator-%d] [-] INFO  inventory-service-c.netflix.discovery.DiscoveryClient.register - DiscoveryClient_INVENTORY-SERVICE/192.168.2.65:inventory-service:9010 - registration status: 204
17-09-2026 17:54:08.460 [SpringApplicationShutdownHook] [-] INFO  inventory-service-o.s.o.j.LocalContainerEntityManagerFactoryBean.destroy - Closing JPA EntityManagerFactory for persistence unit 'default'
17-09-2026 17:54:08.509 [SpringApplicationShutdownHook] [-] INFO  inventory-service-com.zaxxer.hikari.HikariDataSource.close - HikariPool-1 - Shutdown initiated...
17-09-2026 17:54:08.521 [SpringApplicationShutdownHook] [-] INFO  inventory-service-com.zaxxer.hikari.HikariDataSource.close - HikariPool-1 - Shutdown completed.
17-09-2026 17:54:09.009 [SpringApplicationShutdownHook] [-] INFO  inventory-service-c.netflix.discovery.DiscoveryClient.shutdown - Shutting down DiscoveryClient ...
17-09-2026 17:54:12.019 [SpringApplicationShutdownHook] [-] INFO  inventory-service-c.netflix.discovery.DiscoveryClient.unregister - Unregistering ...
17-09-2026 17:54:12.032 [SpringApplicationShutdownHook] [-] INFO  inventory-service-c.n.d.s.t.d.RedirectingEurekaHttpClient.execute - Request execution error. endpoint=DefaultEndpoint{ serviceUrl='http://localhost:8761/eureka/} exception=I/O error on DELETE request for "http://localhost:8761/eureka/apps/INVENTORY-SERVICE/192.168.2.65:inventory-service:9010": Connect to http://localhost:8761 [localhost/127.0.0.1, localhost/0:0:0:0:0:0:0:1] failed: Connection refused: getsockopt stacktrace=org.springframework.web.client.ResourceAccessException: I/O error on DELETE request for "http://localhost:8761/eureka/apps/INVENTORY-SERVICE/192.168.2.65:inventory-service:9010": Connect to http://localhost:8761 [localhost/127.0.0.1, localhost/0:0:0:0:0:0:0:1] failed: Connection refused: getsockopt
	at org.springframework.web.client.RestTemplate.createResourceAccessException(RestTemplate.java:915)
	at org.springframework.web.client.RestTemplate.doExecute(RestTemplate.java:895)
	at org.springframework.web.client.RestTemplate.execute(RestTemplate.java:790)
	at org.springframework.web.client.RestTemplate.exchange(RestTemplate.java:672)
	at org.springframework.cloud.netflix.eureka.http.RestTemplateEurekaHttpClient.cancel(RestTemplateEurekaHttpClient.java:87)
	at com.netflix.discovery.shared.transport.decorator.EurekaHttpClientDecorator$2.execute(EurekaHttpClientDecorator.java:74)
	at com.netflix.discovery.shared.transport.decorator.RedirectingEurekaHttpClient.execute(RedirectingEurekaHttpClient.java:91)
	at com.netflix.discovery.shared.transport.decorator.EurekaHttpClientDecorator.cancel(EurekaHttpClientDecorator.java:71)
	at com.netflix.discovery.shared.transport.decorator.EurekaHttpClientDecorator$2.execute(EurekaHttpClientDecorator.java:74)
	at com.netflix.discovery.shared.transport.decorator.RetryableEurekaHttpClient.execute(RetryableEurekaHttpClient.java:120)
	at com.netflix.discovery.shared.transport.decorator.EurekaHttpClientDecorator.cancel(EurekaHttpClientDecorator.java:71)
	at com.netflix.discovery.shared.transport.decorator.EurekaHttpClientDecorator$2.execute(EurekaHttpClientDecorator.java:74)
	at com.netflix.discovery.shared.transport.decorator.SessionedEurekaHttpClient.execute(SessionedEurekaHttpClient.java:76)
	at com.netflix.discovery.shared.transport.decorator.EurekaHttpClientDecorator.cancel(EurekaHttpClientDecorator.java:71)
	at com.netflix.discovery.DiscoveryClient.unregister(DiscoveryClient.java:919)
	at com.netflix.discovery.DiscoveryClient.shutdown(DiscoveryClient.java:900)
	at java.base/jdk.internal.reflect.DirectMethodHandleAccessor.invoke(DirectMethodHandleAccessor.java:103)
	at java.base/java.lang.reflect.Method.invoke(Method.java:580)
	at org.springframework.beans.factory.annotation.InitDestroyAnnotationBeanPostProcessor$LifecycleMethod.invoke(InitDestroyAnnotationBeanPostProcessor.java:457)
	at org.springframework.beans.factory.annotation.InitDestroyAnnotationBeanPostProcessor$LifecycleMetadata.invokeDestroyMethods(InitDestroyAnnotationBeanPostProcessor.java:415)
	at org.springframework.beans.factory.annotation.InitDestroyAnnotationBeanPostProcessor.postProcessBeforeDestruction(InitDestroyAnnotationBeanPostProcessor.java:239)
	at org.springframework.beans.factory.support.DisposableBeanAdapter.destroy(DisposableBeanAdapter.java:202)
	at org.springframework.beans.factory.support.DisposableBeanAdapter.run(DisposableBeanAdapter.java:195)
	at org.springframework.cloud.context.scope.GenericScope$BeanLifecycleWrapper.destroy(GenericScope.java:389)
	at org.springframework.cloud.context.scope.GenericScope.destroy(GenericScope.java:136)
	at org.springframework.beans.factory.support.DisposableBeanAdapter.destroy(DisposableBeanAdapter.java:211)
	at org.springframework.beans.factory.support.DefaultSingletonBeanRegistry.destroyBean(DefaultSingletonBeanRegistry.java:587)
	at org.springframework.beans.factory.support.DefaultSingletonBeanRegistry.destroySingleton(DefaultSingletonBeanRegistry.java:559)
	at org.springframework.beans.factory.support.DefaultListableBeanFactory.destroySingleton(DefaultListableBeanFactory.java:1202)
	at org.springframework.beans.factory.support.DefaultSingletonBeanRegistry.destroySingletons(DefaultSingletonBeanRegistry.java:520)
	at org.springframework.beans.factory.support.DefaultListableBeanFactory.destroySingletons(DefaultListableBeanFactory.java:1195)
	at org.springframework.context.support.AbstractApplicationContext.destroyBeans(AbstractApplicationContext.java:1195)
	at org.springframework.context.support.AbstractApplicationContext.doClose(AbstractApplicationContext.java:1156)
	at org.springframework.boot.web.servlet.context.ServletWebServerApplicationContext.doClose(ServletWebServerApplicationContext.java:174)
	at org.springframework.context.support.AbstractApplicationContext.close(AbstractApplicationContext.java:1102)
	at org.springframework.boot.SpringApplicationShutdownHook.closeAndWait(SpringApplicationShutdownHook.java:145)
	at java.base/java.lang.Iterable.forEach(Iterable.java:75)
	at org.springframework.boot.SpringApplicationShutdownHook.run(SpringApplicationShutdownHook.java:114)
	at java.base/java.lang.Thread.run(Thread.java:1583)
Caused by: org.apache.hc.client5.http.HttpHostConnectException: Connect to http://localhost:8761 [localhost/127.0.0.1, localhost/0:0:0:0:0:0:0:1] failed: Connection refused: getsockopt
	at java.base/sun.nio.ch.Net.pollConnect(Native Method)
	at java.base/sun.nio.ch.Net.pollConnectNow(Net.java:694)
	at java.base/sun.nio.ch.NioSocketImpl.timedFinishConnect(NioSocketImpl.java:542)
	at java.base/sun.nio.ch.NioSocketImpl.connect(NioSocketImpl.java:592)
	at java.base/java.net.SocksSocketImpl.connect(SocksSocketImpl.java:327)
	at java.base/java.net.Socket.connect(Socket.java:751)
	at org.apache.hc.client5.http.socket.PlainConnectionSocketFactory.lambda$connectSocket$0(PlainConnectionSocketFactory.java:91)
	at java.base/java.security.AccessController.doPrivileged(AccessController.java:571)
	at org.apache.hc.client5.http.socket.PlainConnectionSocketFactory.connectSocket(PlainConnectionSocketFactory.java:90)
	at org.apache.hc.client5.http.socket.ConnectionSocketFactory.connectSocket(ConnectionSocketFactory.java:123)
	at org.apache.hc.client5.http.impl.io.DefaultHttpClientConnectionOperator.connect(DefaultHttpClientConnectionOperator.java:189)
	at org.apache.hc.client5.http.impl.io.PoolingHttpClientConnectionManager.connect(PoolingHttpClientConnectionManager.java:450)
	at org.apache.hc.client5.http.impl.classic.InternalExecRuntime.connectEndpoint(InternalExecRuntime.java:162)
	at org.apache.hc.client5.http.impl.classic.InternalExecRuntime.connectEndpoint(InternalExecRuntime.java:172)
	at org.apache.hc.client5.http.impl.classic.ConnectExec.execute(ConnectExec.java:142)
	at org.apache.hc.client5.http.impl.classic.ExecChainElement.execute(ExecChainElement.java:51)
	at org.apache.hc.client5.http.impl.classic.ProtocolExec.execute(ProtocolExec.java:192)
	at org.apache.hc.client5.http.impl.classic.ExecChainElement.execute(ExecChainElement.java:51)
	at org.apache.hc.client5.http.impl.classic.HttpRequestRetryExec.execute(HttpRequestRetryExec.java:113)
	at org.apache.hc.client5.http.impl.classic.ExecChainElement.execute(ExecChainElement.java:51)
	at org.apache.hc.client5.http.impl.classic.ContentCompressionExec.execute(ContentCompressionExec.java:152)
	at org.apache.hc.client5.http.impl.classic.ExecChainElement.execute(ExecChainElement.java:51)
	at org.apache.hc.client5.http.impl.classic.RedirectExec.execute(RedirectExec.java:116)
	at org.apache.hc.client5.http.impl.classic.ExecChainElement.execute(ExecChainElement.java:51)
	at org.apache.hc.client5.http.impl.classic.InternalHttpClient.doExecute(InternalHttpClient.java:170)
	at org.apache.hc.client5.http.impl.classic.CloseableHttpClient.execute(CloseableHttpClient.java:87)
	at org.apache.hc.client5.http.impl.classic.CloseableHttpClient.execute(CloseableHttpClient.java:55)
	at org.apache.hc.client5.http.classic.HttpClient.executeOpen(HttpClient.java:183)
	at org.springframework.http.client.HttpComponentsClientHttpRequest.executeInternal(HttpComponentsClientHttpRequest.java:99)
	at org.springframework.http.client.AbstractStreamingClientHttpRequest.executeInternal(AbstractStreamingClientHttpRequest.java:70)
	at org.springframework.http.client.AbstractClientHttpRequest.execute(AbstractClientHttpRequest.java:66)
	at org.springframework.http.client.InterceptingClientHttpRequest$InterceptingRequestExecution.execute(InterceptingClientHttpRequest.java:112)
	at org.springframework.cloud.netflix.eureka.http.RestTemplateTransportClientFactory.lambda$restTemplate$3(RestTemplateTransportClientFactory.java:170)
	at org.springframework.http.client.InterceptingClientHttpRequest$InterceptingRequestExecution.execute(InterceptingClientHttpRequest.java:88)
	at org.springframework.http.client.InterceptingClientHttpRequest.executeInternal(InterceptingClientHttpRequest.java:72)
	at org.springframework.http.client.AbstractBufferingClientHttpRequest.executeInternal(AbstractBufferingClientHttpRequest.java:48)
	at org.springframework.http.client.AbstractClientHttpRequest.execute(AbstractClientHttpRequest.java:66)
	at org.springframework.web.client.RestTemplate.doExecute(RestTemplate.java:889)
	... 37 more

17-09-2026 17:54:12.033 [SpringApplicationShutdownHook] [-] WARN  inventory-service-c.n.d.s.t.d.RetryableEurekaHttpClient.execute - Request execution failed with message: I/O error on DELETE request for "http://localhost:8761/eureka/apps/INVENTORY-SERVICE/192.168.2.65:inventory-service:9010": Connect to http://localhost:8761 [localhost/127.0.0.1, localhost/0:0:0:0:0:0:0:1] failed: Connection refused: getsockopt
17-09-2026 17:54:12.084 [SpringApplicationShutdownHook] [-] INFO  inventory-service-c.n.d.s.t.d.RedirectingEurekaHttpClient.execute - Request execution error. endpoint=DefaultEndpoint{ serviceUrl='http://localhost:8761/eureka/}, exception=I/O error on DELETE request for "http://localhost:8761/eureka/apps/INVENTORY-SERVICE/192.168.2.65:inventory-service:9010": Connect to http://localhost:8761 [localhost/127.0.0.1, localhost/0:0:0:0:0:0:0:1] failed: Connection refused: getsockopt stacktrace=org.springframework.web.client.ResourceAccessException: I/O error on DELETE request for "http://localhost:8761/eureka/apps/INVENTORY-SERVICE/192.168.2.65:inventory-service:9010": Connect to http://localhost:8761 [localhost/127.0.0.1, localhost/0:0:0:0:0:0:0:1] failed: Connection refused: getsockopt
	at org.springframework.web.client.RestTemplate.createResourceAccessException(RestTemplate.java:915)
	at org.springframework.web.client.RestTemplate.doExecute(RestTemplate.java:895)
	at org.springframework.web.client.RestTemplate.execute(RestTemplate.java:790)
	at org.springframework.web.client.RestTemplate.exchange(RestTemplate.java:672)
	at org.springframework.cloud.netflix.eureka.http.RestTemplateEurekaHttpClient.cancel(RestTemplateEurekaHttpClient.java:87)
	at com.netflix.discovery.shared.transport.decorator.EurekaHttpClientDecorator$2.execute(EurekaHttpClientDecorator.java:74)
	at com.netflix.discovery.shared.transport.decorator.RedirectingEurekaHttpClient.executeOnNewServer(RedirectingEurekaHttpClient.java:121)
	at com.netflix.discovery.shared.transport.decorator.RedirectingEurekaHttpClient.execute(RedirectingEurekaHttpClient.java:80)
	at com.netflix.discovery.shared.transport.decorator.EurekaHttpClientDecorator.cancel(EurekaHttpClientDecorator.java:71)
	at com.netflix.discovery.shared.transport.decorator.EurekaHttpClientDecorator$2.execute(EurekaHttpClientDecorator.java:74)
	at com.netflix.discovery.shared.transport.decorator.RetryableEurekaHttpClient.execute(RetryableEurekaHttpClient.java:120)
	at com.netflix.discovery.shared.transport.decorator.EurekaHttpClientDecorator.cancel(EurekaHttpClientDecorator.java:71)
	at com.netflix.discovery.shared.transport.decorator.EurekaHttpClientDecorator$2.execute(EurekaHttpClientDecorator.java:74)
	at com.netflix.discovery.shared.transport.decorator.SessionedEurekaHttpClient.execute(SessionedEurekaHttpClient.java:76)
	at com.netflix.discovery.shared.transport.decorator.EurekaHttpClientDecorator.cancel(EurekaHttpClientDecorator.java:71)
	at com.netflix.discovery.DiscoveryClient.unregister(DiscoveryClient.java:919)
	at com.netflix.discovery.DiscoveryClient.shutdown(DiscoveryClient.java:900)
	at java.base/jdk.internal.reflect.DirectMethodHandleAccessor.invoke(DirectMethodHandleAccessor.java:103)
	at java.base/java.lang.reflect.Method.invoke(Method.java:580)
	at org.springframework.beans.factory.annotation.InitDestroyAnnotationBeanPostProcessor$LifecycleMethod.invoke(InitDestroyAnnotationBeanPostProcessor.java:457)
	at org.springframework.beans.factory.annotation.InitDestroyAnnotationBeanPostProcessor$LifecycleMetadata.invokeDestroyMethods(InitDestroyAnnotationBeanPostProcessor.java:415)
	at org.springframework.beans.factory.annotation.InitDestroyAnnotationBeanPostProcessor.postProcessBeforeDestruction(InitDestroyAnnotationBeanPostProcessor.java:239)
	at org.springframework.beans.factory.support.DisposableBeanAdapter.destroy(DisposableBeanAdapter.java:202)
	at org.springframework.beans.factory.support.DisposableBeanAdapter.run(DisposableBeanAdapter.java:195)
	at org.springframework.cloud.context.scope.GenericScope$BeanLifecycleWrapper.destroy(GenericScope.java:389)
	at org.springframework.cloud.context.scope.GenericScope.destroy(GenericScope.java:136)
	at org.springframework.beans.factory.support.DisposableBeanAdapter.destroy(DisposableBeanAdapter.java:211)
	at org.springframework.beans.factory.support.DefaultSingletonBeanRegistry.destroyBean(DefaultSingletonBeanRegistry.java:587)
	at org.springframework.beans.factory.support.DefaultSingletonBeanRegistry.destroySingleton(DefaultSingletonBeanRegistry.java:559)
	at org.springframework.beans.factory.support.DefaultListableBeanFactory.destroySingleton(DefaultListableBeanFactory.java:1202)
	at org.springframework.beans.factory.support.DefaultSingletonBeanRegistry.destroySingletons(DefaultSingletonBeanRegistry.java:520)
	at org.springframework.beans.factory.support.DefaultListableBeanFactory.destroySingletons(DefaultListableBeanFactory.java:1195)
	at org.springframework.context.support.AbstractApplicationContext.destroyBeans(AbstractApplicationContext.java:1195)
	at org.springframework.context.support.AbstractApplicationContext.doClose(AbstractApplicationContext.java:1156)
	at org.springframework.boot.web.servlet.context.ServletWebServerApplicationContext.doClose(ServletWebServerApplicationContext.java:174)
	at org.springframework.context.support.AbstractApplicationContext.close(AbstractApplicationContext.java:1102)
	at org.springframework.boot.SpringApplicationShutdownHook.closeAndWait(SpringApplicationShutdownHook.java:145)
	at java.base/java.lang.Iterable.forEach(Iterable.java:75)
	at org.springframework.boot.SpringApplicationShutdownHook.run(SpringApplicationShutdownHook.java:114)
	at java.base/java.lang.Thread.run(Thread.java:1583)
Caused by: org.apache.hc.client5.http.HttpHostConnectException: Connect to http://localhost:8761 [localhost/127.0.0.1, localhost/0:0:0:0:0:0:0:1] failed: Connection refused: getsockopt
	at java.base/sun.nio.ch.Net.pollConnect(Native Method)
	at java.base/sun.nio.ch.Net.pollConnectNow(Net.java:694)
	at java.base/sun.nio.ch.NioSocketImpl.timedFinishConnect(NioSocketImpl.java:542)
	at java.base/sun.nio.ch.NioSocketImpl.connect(NioSocketImpl.java:592)
	at java.base/java.net.SocksSocketImpl.connect(SocksSocketImpl.java:327)
	at java.base/java.net.Socket.connect(Socket.java:751)
	at org.apache.hc.client5.http.socket.PlainConnectionSocketFactory.lambda$connectSocket$0(PlainConnectionSocketFactory.java:91)
	at java.base/java.security.AccessController.doPrivileged(AccessController.java:571)
	at org.apache.hc.client5.http.socket.PlainConnectionSocketFactory.connectSocket(PlainConnectionSocketFactory.java:90)
	at org.apache.hc.client5.http.socket.ConnectionSocketFactory.connectSocket(ConnectionSocketFactory.java:123)
	at org.apache.hc.client5.http.impl.io.DefaultHttpClientConnectionOperator.connect(DefaultHttpClientConnectionOperator.java:189)
	at org.apache.hc.client5.http.impl.io.PoolingHttpClientConnectionManager.connect(PoolingHttpClientConnectionManager.java:450)
	at org.apache.hc.client5.http.impl.classic.InternalExecRuntime.connectEndpoint(InternalExecRuntime.java:162)
	at org.apache.hc.client5.http.impl.classic.InternalExecRuntime.connectEndpoint(InternalExecRuntime.java:172)
	at org.apache.hc.client5.http.impl.classic.ConnectExec.execute(ConnectExec.java:142)
	at org.apache.hc.client5.http.impl.classic.ExecChainElement.execute(ExecChainElement.java:51)
	at org.apache.hc.client5.http.impl.classic.ProtocolExec.execute(ProtocolExec.java:192)
	at org.apache.hc.client5.http.impl.classic.ExecChainElement.execute(ExecChainElement.java:51)
	at org.apache.hc.client5.http.impl.classic.HttpRequestRetryExec.execute(HttpRequestRetryExec.java:113)
	at org.apache.hc.client5.http.impl.classic.ExecChainElement.execute(ExecChainElement.java:51)
	at org.apache.hc.client5.http.impl.classic.ContentCompressionExec.execute(ContentCompressionExec.java:152)
	at org.apache.hc.client5.http.impl.classic.ExecChainElement.execute(ExecChainElement.java:51)
	at org.apache.hc.client5.http.impl.classic.RedirectExec.execute(RedirectExec.java:116)
	at org.apache.hc.client5.http.impl.classic.ExecChainElement.execute(ExecChainElement.java:51)
	at org.apache.hc.client5.http.impl.classic.InternalHttpClient.doExecute(InternalHttpClient.java:170)
	at org.apache.hc.client5.http.impl.classic.CloseableHttpClient.execute(CloseableHttpClient.java:87)
	at org.apache.hc.client5.http.impl.classic.CloseableHttpClient.execute(CloseableHttpClient.java:55)
	at org.apache.hc.client5.http.classic.HttpClient.executeOpen(HttpClient.java:183)
	at org.springframework.http.client.HttpComponentsClientHttpRequest.executeInternal(HttpComponentsClientHttpRequest.java:99)
	at org.springframework.http.client.AbstractStreamingClientHttpRequest.executeInternal(AbstractStreamingClientHttpRequest.java:70)
	at org.springframework.http.client.AbstractClientHttpRequest.execute(AbstractClientHttpRequest.java:66)
	at org.springframework.http.client.InterceptingClientHttpRequest$InterceptingRequestExecution.execute(InterceptingClientHttpRequest.java:112)
	at org.springframework.cloud.netflix.eureka.http.RestTemplateTransportClientFactory.lambda$restTemplate$3(RestTemplateTransportClientFactory.java:170)
	at org.springframework.http.client.InterceptingClientHttpRequest$InterceptingRequestExecution.execute(InterceptingClientHttpRequest.java:88)
	at org.springframework.http.client.InterceptingClientHttpRequest.executeInternal(InterceptingClientHttpRequest.java:72)
	at org.springframework.http.client.AbstractBufferingClientHttpRequest.executeInternal(AbstractBufferingClientHttpRequest.java:48)
	at org.springframework.http.client.AbstractClientHttpRequest.execute(AbstractClientHttpRequest.java:66)
	at org.springframework.web.client.RestTemplate.doExecute(RestTemplate.java:889)
	... 38 more

17-09-2026 17:54:12.085 [SpringApplicationShutdownHook] [-] WARN  inventory-service-c.n.d.s.t.d.RetryableEurekaHttpClient.execute - Request execution failed with message: I/O error on DELETE request for "http://localhost:8761/eureka/apps/INVENTORY-SERVICE/192.168.2.65:inventory-service:9010": Connect to http://localhost:8761 [localhost/127.0.0.1, localhost/0:0:0:0:0:0:0:1] failed: Connection refused: getsockopt
17-09-2026 17:54:12.086 [SpringApplicationShutdownHook] [-] ERROR inventory-service-c.netflix.discovery.DiscoveryClient.unregister - DiscoveryClient_INVENTORY-SERVICE/192.168.2.65:inventory-service:9010 - de-registration failedCannot execute request on any known server
com.netflix.discovery.shared.transport.TransportException: Cannot execute request on any known server
	at com.netflix.discovery.shared.transport.decorator.RetryableEurekaHttpClient.execute(RetryableEurekaHttpClient.java:112)
	at com.netflix.discovery.shared.transport.decorator.EurekaHttpClientDecorator.cancel(EurekaHttpClientDecorator.java:71)
	at com.netflix.discovery.shared.transport.decorator.EurekaHttpClientDecorator$2.execute(EurekaHttpClientDecorator.java:74)
	at com.netflix.discovery.shared.transport.decorator.SessionedEurekaHttpClient.execute(SessionedEurekaHttpClient.java:76)
	at com.netflix.discovery.shared.transport.decorator.EurekaHttpClientDecorator.cancel(EurekaHttpClientDecorator.java:71)
	at com.netflix.discovery.DiscoveryClient.unregister(DiscoveryClient.java:919)
	at com.netflix.discovery.DiscoveryClient.shutdown(DiscoveryClient.java:900)
	at java.base/jdk.internal.reflect.DirectMethodHandleAccessor.invoke(DirectMethodHandleAccessor.java:103)
	at java.base/java.lang.reflect.Method.invoke(Method.java:580)
	at org.springframework.beans.factory.annotation.InitDestroyAnnotationBeanPostProcessor$LifecycleMethod.invoke(InitDestroyAnnotationBeanPostProcessor.java:457)
	at org.springframework.beans.factory.annotation.InitDestroyAnnotationBeanPostProcessor$LifecycleMetadata.invokeDestroyMethods(InitDestroyAnnotationBeanPostProcessor.java:415)
	at org.springframework.beans.factory.annotation.InitDestroyAnnotationBeanPostProcessor.postProcessBeforeDestruction(InitDestroyAnnotationBeanPostProcessor.java:239)
	at org.springframework.beans.factory.support.DisposableBeanAdapter.destroy(DisposableBeanAdapter.java:202)
	at org.springframework.beans.factory.support.DisposableBeanAdapter.run(DisposableBeanAdapter.java:195)
	at org.springframework.cloud.context.scope.GenericScope$BeanLifecycleWrapper.destroy(GenericScope.java:389)
	at org.springframework.cloud.context.scope.GenericScope.destroy(GenericScope.java:136)
	at org.springframework.beans.factory.support.DisposableBeanAdapter.destroy(DisposableBeanAdapter.java:211)
	at org.springframework.beans.factory.support.DefaultSingletonBeanRegistry.destroyBean(DefaultSingletonBeanRegistry.java:587)
	at org.springframework.beans.factory.support.DefaultSingletonBeanRegistry.destroySingleton(DefaultSingletonBeanRegistry.java:559)
	at org.springframework.beans.factory.support.DefaultListableBeanFactory.destroySingleton(DefaultListableBeanFactory.java:1202)
	at org.springframework.beans.factory.support.DefaultSingletonBeanRegistry.destroySingletons(DefaultSingletonBeanRegistry.java:520)
	at org.springframework.beans.factory.support.DefaultListableBeanFactory.destroySingletons(DefaultListableBeanFactory.java:1195)
	at org.springframework.context.support.AbstractApplicationContext.destroyBeans(AbstractApplicationContext.java:1195)
	at org.springframework.context.support.AbstractApplicationContext.doClose(AbstractApplicationContext.java:1156)
	at org.springframework.boot.web.servlet.context.ServletWebServerApplicationContext.doClose(ServletWebServerApplicationContext.java:174)
	at org.springframework.context.support.AbstractApplicationContext.close(AbstractApplicationContext.java:1102)
	at org.springframework.boot.SpringApplicationShutdownHook.closeAndWait(SpringApplicationShutdownHook.java:145)
	at java.base/java.lang.Iterable.forEach(Iterable.java:75)
	at org.springframework.boot.SpringApplicationShutdownHook.run(SpringApplicationShutdownHook.java:114)
	at java.base/java.lang.Thread.run(Thread.java:1583)
17-09-2026 17:54:12.086 [SpringApplicationShutdownHook] [-] INFO  inventory-service-c.netflix.discovery.DiscoveryClient.shutdown - Completed shut down of DiscoveryClient
